<?xml version="1.0" encoding="UTF-8"?>
<testsuites>
  <testsuite name="Tests\Feature\ISO25010ComplianceTest" file="tests\Feature\ISO25010ComplianceTest.php" tests="14" assertions="29" errors="0" failures="0" skipped="0" time="4.266587">
    <testcase name="SEC-001: Login screen renders for user authentication" file="tests\Feature\ISO25010ComplianceTest.php::SEC-001: Login screen renders for user authentication" class="Tests\Feature\ISO25010ComplianceTest" classname="Tests.Feature.ISO25010ComplianceTest" assertions="1" time="2.002987"/>
    <testcase name="SEC-002: User authentication with invalid password fails" file="tests\Feature\ISO25010ComplianceTest.php::SEC-002: User authentication with invalid password fails" class="Tests\Feature\ISO25010ComplianceTest" classname="Tests.Feature.ISO25010ComplianceTest" assertions="1" time="0.450962"/>
    <testcase name="SEC-003: Authorization denies non-master admins from creating maintenance records" file="tests\Feature\ISO25010ComplianceTest.php::SEC-003: Authorization denies non-master admins from creating maintenance records" class="Tests\Feature\ISO25010ComplianceTest" classname="Tests.Feature.ISO25010ComplianceTest" assertions="2" time="0.299932"/>
    <testcase name="SEC-004: User logout properly terminates session" file="tests\Feature\ISO25010ComplianceTest.php::SEC-004: User logout properly terminates session" class="Tests\Feature\ISO25010ComplianceTest" classname="Tests.Feature.ISO25010ComplianceTest" assertions="1" time="0.125702"/>
    <testcase name="REL-001: Maintenance record creation maintains data consistency" file="tests\Feature\ISO25010ComplianceTest.php::REL-001: Maintenance record creation maintains data consistency" class="Tests\Feature\ISO25010ComplianceTest" classname="Tests.Feature.ISO25010ComplianceTest" assertions="6" time="0.247238"/>
    <testcase name="REL-002: Database maintains referential integrity for lot assignments" file="tests\Feature\ISO25010ComplianceTest.php::REL-002: Database maintains referential integrity for lot assignments" class="Tests\Feature\ISO25010ComplianceTest" classname="Tests.Feature.ISO25010ComplianceTest" assertions="3" time="0.099402"/>
    <testcase name="PERF-001: Client data retrieval performs efficiently" file="tests\Feature\ISO25010ComplianceTest.php::PERF-001: Client data retrieval performs efficiently" class="Tests\Feature\ISO25010ComplianceTest" classname="Tests.Feature.ISO25010ComplianceTest" assertions="2" time="0.096257"/>
    <testcase name="PERF-002: Login page responds with acceptable performance" file="tests\Feature\ISO25010ComplianceTest.php::PERF-002: Login page responds with acceptable performance" class="Tests\Feature\ISO25010ComplianceTest" classname="Tests.Feature.ISO25010ComplianceTest" assertions="1" time="0.100016"/>
    <testcase name="MAINT-001: Model data maintenance ensures consistency" file="tests\Feature\ISO25010ComplianceTest.php::MAINT-001: Model data maintenance ensures consistency" class="Tests\Feature\ISO25010ComplianceTest" classname="Tests.Feature.ISO25010ComplianceTest" assertions="2" time="0.104028"/>
    <testcase name="MAINT-002: Form validation enforces business rules" file="tests\Feature\ISO25010ComplianceTest.php::MAINT-002: Form validation enforces business rules" class="Tests\Feature\ISO25010ComplianceTest" classname="Tests.Feature.ISO25010ComplianceTest" assertions="1" time="0.171370"/>
    <testcase name="USAB-001: Authenticated user maintains session access" file="tests\Feature\ISO25010ComplianceTest.php::USAB-001: Authenticated user maintains session access" class="Tests\Feature\ISO25010ComplianceTest" classname="Tests.Feature.ISO25010ComplianceTest" assertions="3" time="0.175021"/>
    <testcase name="USAB-002: Welcome page is accessible to unauthenticated users" file="tests\Feature\ISO25010ComplianceTest.php::USAB-002: Welcome page is accessible to unauthenticated users" class="Tests\Feature\ISO25010ComplianceTest" classname="Tests.Feature.ISO25010ComplianceTest" assertions="1" time="0.178191"/>
    <testcase name="FUNC-001: Client management workflow functions correctly" file="tests\Feature\ISO25010ComplianceTest.php::FUNC-001: Client management workflow functions correctly" class="Tests\Feature\ISO25010ComplianceTest" classname="Tests.Feature.ISO25010ComplianceTest" assertions="4" time="0.098081"/>
    <testcase name="FUNC-002: Maintenance record tracking integrates with client" file="tests\Feature\ISO25010ComplianceTest.php::FUNC-002: Maintenance record tracking integrates with client" class="Tests\Feature\ISO25010ComplianceTest" classname="Tests.Feature.ISO25010ComplianceTest" assertions="1" time="0.117400"/>
  </testsuite>
</testsuites>
